// Jest Snapshot v1, https://goo.gl/fbAQLP

exports[`DeltaBundler should build the whole stringified bundle 1`] = `
Object {
  "bundle": "pre
;module3
;another
;post",
  "lastModified": 2016-12-21T23:36:07.000Z,
  "numModifiedFiles": 4,
}
`;

exports[`DeltaBundler should build the whole stringified bundle 2`] = `
Object {
  "bundle": "pre
;more pre
;modified module
;post
;bananas
;apples",
  "lastModified": 2016-12-21T23:36:07.000Z,
  "numModifiedFiles": 5,
}
`;
