// Jest Snapshot v1, https://goo.gl/fbAQLP

exports[`code transformation worker: reports filename when encountering unsupported dynamic dependency 1`] = `"/root/local/file.js:3:10: calls to \`require\` expect exactly 1 string literal argument, but this was found: \`require(a)\`."`;
