// Jest Snapshot v1, https://goo.gl/fbAQLP

exports[`Bundler .generateAssetObjAndCode 1`] = `
Object {
  "asset": Object {
    "__packager_asset": true,
    "extraPixelCount": 5000,
    "extraReverseHash": "hsah a ma i",
    "fileSystemLocation": "/root/img",
    "files": Array [
      "/root/img/img.png",
      "/root/img/img@2x.png",
      "/root/img/img@3x.png",
    ],
    "hash": "i am a hash",
    "height": 100,
    "httpServerLocation": "/assets/img",
    "name": "img",
    "scales": Array [
      1,
      2,
      3,
    ],
    "type": "png",
    "width": 50,
  },
  "code": "module.exports=require(\\"/AssetRegistry.js\\").registerAsset({\\"__packager_asset\\":true,\\"scales\\":[1,2,3],\\"hash\\":\\"i am a hash\\",\\"height\\":100,\\"httpServerLocation\\":\\"/assets/img\\",\\"name\\":\\"img\\",\\"type\\":\\"png\\",\\"width\\":50,\\"extraReverseHash\\":\\"hsah a ma i\\",\\"extraPixelCount\\":5000});",
  "meta": Object {
    "dependencies": Array [
      "/AssetRegistry.js",
    ],
    "dependencyOffsets": Array [
      23,
    ],
    "preloaded": null,
  },
}
`;
