// Jest Snapshot v1, https://goo.gl/fbAQLP

exports[`should return the RAM bundle info 1`] = `
Object {
  "getDependencies": [Function],
  "groups": Map {},
  "lazyModules": Array [
    Object {
      "code": "__d(function() {entry()},\\"/root/entry.js\\",[\\"/root/foo.js\\",\\"/root/entry2.js\\"],\\"entry.js\\");",
      "id": "/root/entry.js",
      "map": Object {
        "file": undefined,
        "mappings": "",
        "names": Array [],
        "sources": Array [],
        "sourcesContent": Array [],
        "version": 3,
      },
      "name": "entry.js",
      "source": undefined,
      "sourcePath": "/root/entry.js",
      "type": "module",
    },
    Object {
      "code": "__d(function() {entry2()},\\"/root/entry2.js\\",[\\"/root/foo2.js\\"],\\"entry2.js\\");",
      "id": "/root/entry2.js",
      "map": Object {
        "file": undefined,
        "mappings": "",
        "names": Array [],
        "sources": Array [],
        "sourcesContent": Array [],
        "version": 3,
      },
      "name": "entry2.js",
      "source": undefined,
      "sourcePath": "/root/entry2.js",
      "type": "module",
    },
    Object {
      "code": "__d(function() {foo2()},\\"/root/foo2.js\\",[],\\"foo2.js\\");",
      "id": "/root/foo2.js",
      "map": Object {
        "file": undefined,
        "mappings": "",
        "names": Array [],
        "sources": Array [],
        "sourcesContent": Array [],
        "version": 3,
      },
      "name": "foo2.js",
      "source": undefined,
      "sourcePath": "/root/foo2.js",
      "type": "module",
    },
    Object {
      "code": "__d(function() {foo()},\\"/root/foo.js\\",[\\"/root/bar.js\\",\\"/root/baz.js\\",\\"/root/qux.js\\"],\\"foo.js\\");",
      "id": "/root/foo.js",
      "map": Object {
        "file": undefined,
        "mappings": "",
        "names": Array [],
        "sources": Array [],
        "sourcesContent": Array [],
        "version": 3,
      },
      "name": "foo.js",
      "source": undefined,
      "sourcePath": "/root/foo.js",
      "type": "module",
    },
    Object {
      "code": "__d(function() {baz()},\\"/root/baz.js\\",[],\\"baz.js\\");",
      "id": "/root/baz.js",
      "map": Object {
        "file": undefined,
        "mappings": "",
        "names": Array [],
        "sources": Array [],
        "sourcesContent": Array [],
        "version": 3,
      },
      "name": "baz.js",
      "source": undefined,
      "sourcePath": "/root/baz.js",
      "type": "asset",
    },
    Object {
      "code": "__d(function() {bar()},\\"/root/bar.js\\",[],\\"bar.js\\");",
      "id": "/root/bar.js",
      "map": Object {
        "file": undefined,
        "mappings": "",
        "names": Array [],
        "sources": Array [],
        "sourcesContent": Array [],
        "version": 3,
      },
      "name": "bar.js",
      "source": undefined,
      "sourcePath": "/root/bar.js",
      "type": "module",
    },
    Object {
      "code": "__d(function() {qux()},\\"/root/qux.js\\",[],\\"qux.js\\");",
      "id": "/root/qux.js",
      "map": Object {
        "file": undefined,
        "mappings": "",
        "names": Array [],
        "sources": Array [],
        "sourcesContent": Array [],
        "version": 3,
      },
      "name": "qux.js",
      "source": undefined,
      "sourcePath": "/root/qux.js",
      "type": "module",
    },
  ],
  "startupModules": Array [
    Object {
      "code": "__d(function() {pre()});",
      "id": "/root/pre.js",
      "map": Object {
        "file": undefined,
        "mappings": "",
        "names": Array [],
        "sources": Array [],
        "sourcesContent": Array [],
        "version": 3,
      },
      "name": "pre.js",
      "source": undefined,
      "sourcePath": "/root/pre.js",
      "type": "script",
    },
    Object {
      "code": "require(\\"/root/entry.js\\");",
      "id": "require-/root/entry.js",
      "map": Object {
        "file": undefined,
        "mappings": "",
        "names": Array [],
        "sources": Array [
          "require-/root/entry.js",
        ],
        "sourcesContent": Array [
          "",
        ],
        "version": 3,
      },
      "name": "entry.js",
      "source": "",
      "sourcePath": "require-/root/entry.js",
      "type": "script",
    },
    Object {
      "code": "//# sourceMappingURL=http://localhost/bundle.map",
      "id": "source-map",
      "map": Object {
        "file": undefined,
        "mappings": "",
        "names": Array [],
        "sources": Array [
          "source-map",
        ],
        "sourcesContent": Array [
          "",
        ],
        "version": 3,
      },
      "name": "source-map",
      "source": "",
      "sourcePath": "source-map",
      "type": "script",
    },
  ],
}
`;
