// Jest Snapshot v1, https://goo.gl/fbAQLP

exports[`traverseDependencies file watch updating should recover from multiple modules with the same name 1`] = `
Array [
  Object {
    "dependencies": Array [
      "a",
      "b",
    ],
    "id": "index.js",
    "isAsset": false,
    "isPolyfill": false,
    "path": "/root/index.js",
    "resolution": undefined,
  },
  Object {
    "dependencies": Array [],
    "id": "a.js",
    "isAsset": false,
    "isPolyfill": false,
    "path": "/root/a.js",
    "resolution": undefined,
  },
  Object {
    "dependencies": Array [],
    "id": "b.js",
    "isAsset": false,
    "isPolyfill": false,
    "path": "/root/b.js",
    "resolution": undefined,
  },
]
`;
