// Jest Snapshot v1, https://goo.gl/fbAQLP

exports[`should do the initial traversal correctly 1`] = `
Object {
  "dependencies": Map {
    "/bundle" => Object {
      "dependencies": Map {
        "foo" => Object {
          "absolutePath": "/foo",
          "data": Object {
            "isAsync": false,
            "name": "foo",
          },
        },
      },
      "inverseDependencies": Set {},
      "output": Object {
        "code": "// code",
        "map": Array [],
        "source": "// source",
        "type": "js/module",
      },
      "path": "/bundle",
    },
    "/foo" => Object {
      "dependencies": Map {
        "bar" => Object {
          "absolutePath": "/bar",
          "data": Object {
            "isAsync": false,
            "name": "bar",
          },
        },
        "baz" => Object {
          "absolutePath": "/baz",
          "data": Object {
            "isAsync": false,
            "name": "baz",
          },
        },
      },
      "inverseDependencies": Set {
        "/bundle",
      },
      "output": Object {
        "code": "// code",
        "map": Array [],
        "source": "// source",
        "type": "js/module",
      },
      "path": "/foo",
    },
    "/bar" => Object {
      "dependencies": Map {},
      "inverseDependencies": Set {
        "/foo",
      },
      "output": Object {
        "code": "// code",
        "map": Array [],
        "source": "// source",
        "type": "js/module",
      },
      "path": "/bar",
    },
    "/baz" => Object {
      "dependencies": Map {},
      "inverseDependencies": Set {
        "/foo",
      },
      "output": Object {
        "code": "// code",
        "map": Array [],
        "source": "// source",
        "type": "js/module",
      },
      "path": "/baz",
    },
  },
  "entryPoints": Array [
    "/bundle",
  ],
}
`;
