// Jest Snapshot v1, https://goo.gl/fbAQLP

exports[`getTransformCacheKeyFn Should return always the same key for the same params 1`] = `"1c70ddd6a187bff45cc2404e694d377a51d1a28b"`;
